# serializer version: 1
# name: test_parse_string_mixed_directives_snapshot
  list([
    tuple(
      'Comment',
      '; comment line',
    ),
    tuple(
      'Option',
      'option "title" "Demo"',
    ),
    tuple(
      'Open',
      '''
        2020-01-01 open Assets:Cash USD
  
      ''',
    ),
    tuple(
      'Balance',
      '''
        2020-01-02 balance Assets:Cash 100 USD
  
      ''',
    ),
    tuple(
      'Transaction',
      '''
        2020-01-03 * "Payee" "Narration"
            Assets:Cash  -10 USD
            Expenses:Food  10 USD
  
      ''',
    ),
    tuple(
      'Transaction',
      '''
        2020-01-03 * "Payee" "Narration"
          Assets:Cash  -10 USD
          Expenses:Food  10 USD
  
      ''',
    ),
    tuple(
      'Price',
      '''
        2020-01-04 price USD 1.23 EUR
  
      ''',
    ),
    tuple(
      'Event',
      '''
        2020-01-05 event "location" "NYC"
  
      ''',
    ),
    tuple(
      'Note',
      '''
        2020-01-06 note Assets:Cash "ATM withdrawal"
  
      ''',
    ),
    tuple(
      'Custom',
      '''
        2020-01-07 custom "x" "y"
  
      ''',
    ),
    tuple(
      'Plugin',
      'plugin "beancount.plugins.auto_accounts"',
    ),
    tuple(
      'Include',
      'include "other.bean"',
    ),
    tuple(
      'Close',
      '''
        2020-12-31 close Assets:Cash
  
      ''',
    ),
  ])
# ---
